<html>
<body>
<pre>
<h1>µVision Build Log</h1>
<h2>Project:</h2>
C:\Users\sahil bhandekar\Desktop\vector\mini project\MINI PROJECT - MODIFY\Medicine_Reminder_System.uvproj
Project File Date:  02/05/2025

<h2>Output:</h2>
Build target 'Target 1'
compiling defines.c...
linking...
Program Size: Code=7800 RO-data=60 RW-data=148 ZI-data=1260  
FromELF: creating hex file...
".\Medicine_Reminder_System_Update.axf" - 0 Error(s), 0 Warning(s).
</pre>
</body>
</html>
=148 ZI-data=1260  
FromELF: creating hex file...
".\Medicine_Reminder_System_Update.axf" - 0 Error(s), 1 Warning(s).
